// Vitest Snapshot v1, https://vitest.dev/guide/snapshot.html

exports[`fixtures > doctype.html 1`] = `
[
  {
    "column": 1,
    "line": 1,
    "message": "{"severity":"error","message":"Require doctype","ruleId":"doctype"}",
    "nodeType": null,
    "ruleId": "markup/markup",
    "severity": 1,
  },
]
`;

exports[`fixtures > empty.html 1`] = `[]`;

exports[`fixtures > id-duplication.html 1`] = `
[
  {
    "column": 1,
    "line": 1,
    "message": "{"severity":"error","message":"Require doctype","ruleId":"doctype"}",
    "nodeType": null,
    "ruleId": "markup/markup",
    "severity": 1,
  },
]
`;
